---
source: crates/ty_server/tests/e2e/tsp/get_type.rs
expression: normalize_for_snapshot(comment_result)
---
{
  "aliasName": null,
  "category": 0,
  "categoryFlags": 0,
  "flags": 8,
  "handle": "test_handle_int",
  "moduleName": {
    "leadingDots": 0,
    "nameParts": [
      "builtins"
    ]
  },
  "name": "int"
}
